INFO:root:this is my very first code for logging
WARNING:root:this will try to load a warning message
ERROR:root:this is a error message from system
INFO:root:[1, 2, 3, 4, 5, 6, 7, 7]
WARNING:root:this is a warning for user that they have found 2 in list
